<h1>Hello, Deerhunter!</h1><p>I had dreams<br/>That frightened me awake<br/>I happened to escape<br/>But my escape<br/>Would never come</p>