<h1>Hello, Beatles!</h1><p>I had yesterday<br/>That frightened me awake<br/>I happened to escape<br/>But my escape<br/>Would never come</p>